2025-06-10 15:18:29 ==> [WARNING] Forbidden: /api/clear-cache/ (django.request)
2025-06-10 15:18:29 ==> [WARNING] Forbidden: /api/clear-cache/ (django.request)
2025-06-10 15:18:29 ==> [DEBUG] Deleting cache wih starting prefix:'search_endpoint' (main)
2025-06-10 15:18:29 ==> [ERROR] GITHUB_TOKEN environment variable is not set (main)
2025-06-10 15:18:29 ==> [DEBUG] Executing GraphQL request to https://api.github.com/graphql with payload: {}, headers: {'Authorization': 'Bearer TEST_GITHUB_TOKEN', 'Content-Type': 'application/json'} (main)
2025-06-10 15:18:29 ==> [DEBUG] Executing GraphQL request to https://api.github.com/graphql with payload: {}, headers: {'Authorization': 'Bearer TEST_GITHUB_TOKEN', 'Content-Type': 'application/json'} (main)
2025-06-10 15:18:29 ==> [DEBUG] Executing GraphQL request to https://api.github.com/graphql with payload: {}, headers: {'Authorization': 'Bearer TEST_GITHUB_TOKEN', 'Content-Type': 'application/json'} (main)
2025-06-10 15:18:29 ==> [DEBUG] Executing GraphQL request to https://api.github.com/graphql with payload: {}, headers: {'Authorization': 'Bearer TEST_GITHUB_TOKEN', 'Content-Type': 'application/json'} (main)
2025-06-10 15:18:29 ==> [DEBUG] Executing GraphQL request to https://api.github.com/graphql with payload: {}, headers: {'Authorization': 'Bearer TEST_GITHUB_TOKEN', 'Content-Type': 'application/json'} (main)
2025-06-10 15:18:29 ==> [DEBUG] Executing GraphQL request to https://api.github.com/graphql with payload: {'query': 'some query', 'variables': {'text': 'string'}}, headers: {'Authorization': 'Bearer TEST_GITHUB_TOKEN', 'Content-Type': 'application/json'} (main)
2025-06-10 15:18:29 ==> [DEBUG] Users result from GitHub: [{'id': 1, 'title': 'title', 'avatar_url': 'http://github.com/avatar_url', 'location': None}] (main)
2025-06-10 15:18:29 ==> [DEBUG] Executing GraphQL request to https://api.github.com/graphql with payload: {'query': 'some query', 'variables': {'text': 'string'}}, headers: {'Authorization': 'Bearer TEST_GITHUB_TOKEN', 'Content-Type': 'application/json'} (main)
2025-06-10 15:18:29 ==> [DEBUG] Repositories result from GitHub: [{'id': 1, 'title': 'title', 'owner': {'login': 'owner'}, 'stars': 12, 'description': None, 'url': 'http://github.com/repository_url'}] (main)
2025-06-10 15:18:29 ==> [INFO] Using graphQL GitHub implementation for getting search results (main)
2025-06-10 15:18:29 ==> [DEBUG] Using repository type: <class 'api.repositories.SearchRepositories.UsersRepository'> (main)
2025-06-10 15:18:29 ==> [INFO] <UsersRepository> returns 1 elements (main)
2025-06-10 15:18:29 ==> [INFO] Using graphQL GitHub implementation for getting search results (main)
2025-06-10 15:18:29 ==> [DEBUG] Using repository type: <class 'api.repositories.SearchRepositories.UsersRepository'> (main)
2025-06-10 15:18:29 ==> [INFO] Using graphQL GitHub implementation for getting search results (main)
2025-06-10 15:18:29 ==> [DEBUG] Using repository type: <class 'api.repositories.SearchRepositories.RepositoriesRepository'> (main)
2025-06-10 15:18:29 ==> [INFO] Using invalidImplementation GitHub implementation for getting search results (main)
2025-06-10 15:18:29 ==> [INFO] Received POST search request (main)
2025-06-10 15:18:29 ==> [DEBUG] Query parameters: <QueryDict: {'search_type': ['users']}> (main)
2025-06-10 15:18:29 ==> [DEBUG] Request body parameters: {'search_text': 'string'} (main)
2025-06-10 15:18:29 ==> [INFO] Input parameters: search_type: users; search_text: string (main)
2025-06-10 15:18:29 ==> [DEBUG] Calculated cache key: search_endpoint:string:c3df615f8aa10cfe187703408738a50ca4efe59e818e9bc0bc9778ba6c48d747 (main)
2025-06-10 15:18:29 ==> [INFO] No cached value. Calculating result (main)
2025-06-10 15:18:29 ==> [DEBUG] Search result: [{'id': 1, 'title': 'title', 'avatar_url': 'http://github.com/avatar_url', 'location': None}] (main)
2025-06-10 15:18:29 ==> [DEBUG] Cache:'search_endpoint:string:c3df615f8aa10cfe187703408738a50ca4efe59e818e9bc0bc9778ba6c48d747' is saved with TTL:7200 (main)
2025-06-10 15:18:29 ==> [DEBUG] Response serializer for given search_type:users is <class 'api.serializers.UserSerializer'> (main)
2025-06-10 15:18:29 ==> [INFO] Returning response (main)
2025-06-10 15:18:29 ==> [INFO] Received POST search request (main)
2025-06-10 15:18:29 ==> [DEBUG] Query parameters: <QueryDict: {'search_type': ['users']}> (main)
2025-06-10 15:18:29 ==> [DEBUG] Request body parameters: {'search_text': 'string'} (main)
2025-06-10 15:18:29 ==> [INFO] Input parameters: search_type: users; search_text: string (main)
2025-06-10 15:18:29 ==> [DEBUG] Calculated cache key: search_endpoint:string:c3df615f8aa10cfe187703408738a50ca4efe59e818e9bc0bc9778ba6c48d747 (main)
2025-06-10 15:18:29 ==> [INFO] Returning cached value (main)
2025-06-10 15:18:29 ==> [DEBUG] Response serializer for given search_type:users is <class 'api.serializers.UserSerializer'> (main)
2025-06-10 15:18:29 ==> [INFO] Returning response (main)
2025-06-10 15:18:29 ==> [INFO] Received POST search request (main)
2025-06-10 15:18:29 ==> [DEBUG] Query parameters: <QueryDict: {'search_type': ['repositories']}> (main)
2025-06-10 15:18:29 ==> [DEBUG] Request body parameters: {'search_text': 'string'} (main)
2025-06-10 15:18:29 ==> [INFO] Input parameters: search_type: repositories; search_text: string (main)
2025-06-10 15:18:29 ==> [DEBUG] Calculated cache key: search_endpoint:string:c70fed6d54405cc8ce8ec71323ed02ac1515adf7db857511eadc9c71a1ae5f49 (main)
2025-06-10 15:18:29 ==> [INFO] No cached value. Calculating result (main)
2025-06-10 15:18:29 ==> [DEBUG] Search result: [{'id': 1, 'title': 'title', 'owner': 'owner', 'stars': 12, 'description': None, 'url': 'http://github.com/repository_url'}] (main)
2025-06-10 15:18:29 ==> [DEBUG] Cache:'search_endpoint:string:c70fed6d54405cc8ce8ec71323ed02ac1515adf7db857511eadc9c71a1ae5f49' is saved with TTL:7200 (main)
2025-06-10 15:18:29 ==> [DEBUG] Response serializer for given search_type:repositories is <class 'api.serializers.RepositorySerializer'> (main)
2025-06-10 15:18:29 ==> [INFO] Returning response (main)
2025-06-10 15:18:29 ==> [INFO] Received POST search request (main)
2025-06-10 15:18:29 ==> [DEBUG] Query parameters: <QueryDict: {'search_type': ['repositories']}> (main)
2025-06-10 15:18:29 ==> [DEBUG] Request body parameters: {'search_text': 'string'} (main)
2025-06-10 15:18:29 ==> [INFO] Input parameters: search_type: repositories; search_text: string (main)
2025-06-10 15:18:29 ==> [DEBUG] Calculated cache key: search_endpoint:string:c70fed6d54405cc8ce8ec71323ed02ac1515adf7db857511eadc9c71a1ae5f49 (main)
2025-06-10 15:18:29 ==> [INFO] Returning cached value (main)
2025-06-10 15:18:29 ==> [DEBUG] Response serializer for given search_type:repositories is <class 'api.serializers.RepositorySerializer'> (main)
2025-06-10 15:18:29 ==> [INFO] Returning response (main)
2025-06-10 15:18:29 ==> [INFO] Received POST search request (main)
2025-06-10 15:18:29 ==> [DEBUG] Query parameters: <QueryDict: {'search_type': ['users']}> (main)
2025-06-10 15:18:29 ==> [DEBUG] Request body parameters: {'search_text': 'string'} (main)
2025-06-10 15:18:29 ==> [INFO] Input parameters: search_type: users; search_text: string (main)
2025-06-10 15:18:29 ==> [DEBUG] Calculated cache key: search_endpoint:string:c3df615f8aa10cfe187703408738a50ca4efe59e818e9bc0bc9778ba6c48d747 (main)
2025-06-10 15:18:29 ==> [INFO] No cached value. Calculating result (main)
2025-06-10 15:18:29 ==> [ERROR] GitHub down (main)
Traceback (most recent call last):
  File "/home/ilteo/develop/github.search.application/api/search_views.py", line 45, in post
    data = self.get_from_cache_or_execute_search(search_type, search_text)
  File "/home/ilteo/develop/github.search.application/api/search_views.py", line 69, in get_from_cache_or_execute_search
    result = self.execute_search(search_type, search_text)
  File "/home/ilteo/develop/github.search.application/api/search_views.py", line 81, in execute_search
    data: List[Dict[str]] = service.search_by_text(text=search_text)
  File "/usr/lib/python3.9/unittest/mock.py", line 1092, in __call__
    return self._mock_call(*args, **kwargs)
  File "/usr/lib/python3.9/unittest/mock.py", line 1096, in _mock_call
    return self._execute_mock_call(*args, **kwargs)
  File "/usr/lib/python3.9/unittest/mock.py", line 1151, in _execute_mock_call
    raise effect
api.services.exceptions.ExternalServiceError: GitHub down
2025-06-10 15:18:29 ==> [ERROR] Bad Gateway: /api/search (django.request)
2025-06-10 15:18:29 ==> [INFO] Received POST search request (main)
2025-06-10 15:18:29 ==> [DEBUG] Query parameters: <QueryDict: {'search_type': ['users']}> (main)
2025-06-10 15:18:29 ==> [DEBUG] Request body parameters: {'search_text': 'string'} (main)
2025-06-10 15:18:29 ==> [INFO] Input parameters: search_type: users; search_text: string (main)
2025-06-10 15:18:29 ==> [DEBUG] Calculated cache key: search_endpoint:string:c3df615f8aa10cfe187703408738a50ca4efe59e818e9bc0bc9778ba6c48d747 (main)
2025-06-10 15:18:29 ==> [INFO] No cached value. Calculating result (main)
2025-06-10 15:18:29 ==> [ERROR] Python Exception (main)
Traceback (most recent call last):
  File "/home/ilteo/develop/github.search.application/api/search_views.py", line 45, in post
    data = self.get_from_cache_or_execute_search(search_type, search_text)
  File "/home/ilteo/develop/github.search.application/api/search_views.py", line 69, in get_from_cache_or_execute_search
    result = self.execute_search(search_type, search_text)
  File "/home/ilteo/develop/github.search.application/api/search_views.py", line 81, in execute_search
    data: List[Dict[str]] = service.search_by_text(text=search_text)
  File "/usr/lib/python3.9/unittest/mock.py", line 1092, in __call__
    return self._mock_call(*args, **kwargs)
  File "/usr/lib/python3.9/unittest/mock.py", line 1096, in _mock_call
    return self._execute_mock_call(*args, **kwargs)
  File "/usr/lib/python3.9/unittest/mock.py", line 1151, in _execute_mock_call
    raise effect
ValueError: Python Exception
2025-06-10 15:18:29 ==> [ERROR] Internal Server Error: /api/search (django.request)
